src/pages/UserProfile.tsx(109,54): error TS2345: Argument of type '{ nombre: string; raza: string; especie: string; chip: string; peso: number; fechaNacimiento: string; sexo: string; color: string; }' is not assignable to parameter of type 'Partial<Pet>'.
  Types of property 'especie' are incompatible.
    Type 'string' is not assignable to type '"PERRO" | "GATO" | "OTRO" | undefined'.
